{"timestamp":1788998121109,"severity":"info","component":"bridge_service","message":"service started","config":{"connection_mode":"tiktools","connection":{"username":"hisoka9210","room_id":"","api_key":"","connect_timeout_sec":20.0,"heartbeat_interval_sec":15.0,"heartbeat_warning_after_sec":60.0},"retry_policy":{"enabled":true,"base_delay_sec":2.0,"max_delay_sec":45.0,"not_live_delay_sec":20.0,"max_attempts":0},"buffer":{"size":8192,"batch_size":64,"overflow_policy":"drop_oldest"},"output":{"panel_ws_url":"ws://127.0.0.1:8765","output_jsonl":"","inbox_dir":"","session_name":"tiktok-live","broadcast_ws_enabled":true,"broadcast_ws_host":"127.0.0.1","broadcast_ws_port":8766,"control_host":"127.0.0.1","control_port":8770,"auto_emit_session_status":true},"replay":{"enabled":false,"jsonl_path":"","preserve_timing":true,"speed":1.0,"loop":false},"logging":{"level":"INFO","log_path":"tools/bridge_py/logs/bridge.jsonl"},"legacy_bridge_root":"","max_events":0,"max_seconds":0}}
{"timestamp":1788998121121,"severity":"info","component":"runner","message":"bridge runtime prepared","target_user":"hisoka9210","panel_ws_url":"ws://127.0.0.1:8765","inbox_dir":"","output_jsonl":"","control_port":8770,"broadcast_ws_port":8766,"max_events":0,"max_seconds":0}
{"timestamp":1788998121168,"severity":"info","component":"tiktools","message":"Connecting","user":"hisoka9210","url":"wss://api.tik.tools?..."}
{"timestamp":1788998122040,"severity":"warning","component":"tiktools","message":"Connection error, retrying","error":"received 4429 (private use) Demo session ended. Grab a free API key at https://tik.tools to continue.; then sent 4429 (private use) Demo session ended. Grab a free API key at https://tik.tools to continue.","delay":1.0,"attempt":1}
{"timestamp":1788998123052,"severity":"info","component":"tiktools","message":"Connecting","user":"hisoka9210","url":"wss://api.tik.tools?..."}
{"timestamp":1788998123941,"severity":"warning","component":"tiktools","message":"Connection error, retrying","error":"received 4429 (private use) Demo session ended. Grab a free API key at https://tik.tools to continue.; then sent 4429 (private use) Demo session ended. Grab a free API key at https://tik.tools to continue.","delay":2.0,"attempt":2}
{"timestamp":1788998125960,"severity":"info","component":"tiktools","message":"Connecting","user":"hisoka9210","url":"wss://api.tik.tools?..."}
{"timestamp":1788998126857,"severity":"warning","component":"tiktools","message":"Connection error, retrying","error":"received 4429 (private use) Demo session ended. Grab a free API key at https://tik.tools to continue.; then sent 4429 (private use) Demo session ended. Grab a free API key at https://tik.tools to continue.","delay":4.0,"attempt":3}
{"timestamp":1788998130871,"severity":"info","component":"tiktools","message":"Connecting","user":"hisoka9210","url":"wss://api.tik.tools?..."}
{"timestamp":1788998131771,"severity":"warning","component":"tiktools","message":"Connection error, retrying","error":"received 4429 (private use) Demo session ended. Grab a free API key at https://tik.tools to continue.; then sent 4429 (private use) Demo session ended. Grab a free API key at https://tik.tools to continue.","delay":8.0,"attempt":4}
{"timestamp":1788998139786,"severity":"info","component":"tiktools","message":"Connecting","user":"hisoka9210","url":"wss://api.tik.tools?..."}
{"timestamp":1788998140709,"severity":"warning","component":"tiktools","message":"Connection error, retrying","error":"received 4429 (private use) Demo session ended. Grab a free API key at https://tik.tools to continue.; then sent 4429 (private use) Demo session ended. Grab a free API key at https://tik.tools to continue.","delay":16.0,"attempt":5}
{"timestamp":1788998141173,"severity":"error","component":"connection_manager","message":"TikTok session failed","code":"STREAM_DISCONNECTED","error_message":"La conexion con TikTok se cerro.","retry_count":0,"target_user":"hisoka9210","raw_error":""}
{"timestamp":1788998143188,"severity":"info","component":"tiktools","message":"Connecting","user":"hisoka9210","url":"wss://api.tik.tools?..."}
{"timestamp":1788998144118,"severity":"warning","component":"tiktools","message":"Connection error, retrying","error":"received 4429 (private use) Demo session ended. Grab a free API key at https://tik.tools to continue.; then sent 4429 (private use) Demo session ended. Grab a free API key at https://tik.tools to continue.","delay":1.0,"attempt":1}
{"timestamp":1788998145128,"severity":"info","component":"tiktools","message":"Connecting","user":"hisoka9210","url":"wss://api.tik.tools?..."}
{"timestamp":1788998145988,"severity":"warning","component":"tiktools","message":"Connection error, retrying","error":"received 4429 (private use) Demo session ended. Grab a free API key at https://tik.tools to continue.; then sent 4429 (private use) Demo session ended. Grab a free API key at https://tik.tools to continue.","delay":2.0,"attempt":2}
{"timestamp":1788998148005,"severity":"info","component":"tiktools","message":"Connecting","user":"hisoka9210","url":"wss://api.tik.tools?..."}
{"timestamp":1788998148834,"severity":"warning","component":"tiktools","message":"Connection error, retrying","error":"received 4429 (private use) Demo session ended. Grab a free API key at https://tik.tools to continue.; then sent 4429 (private use) Demo session ended. Grab a free API key at https://tik.tools to continue.","delay":4.0,"attempt":3}
{"timestamp":1788998152867,"severity":"info","component":"tiktools","message":"Connecting","user":"hisoka9210","url":"wss://api.tik.tools?..."}
{"timestamp":1788998153797,"severity":"warning","component":"tiktools","message":"Connection error, retrying","error":"received 4429 (private use) Demo session ended. Grab a free API key at https://tik.tools to continue.; then sent 4429 (private use) Demo session ended. Grab a free API key at https://tik.tools to continue.","delay":8.0,"attempt":4}
{"timestamp":1788998161821,"severity":"info","component":"tiktools","message":"Connecting","user":"hisoka9210","url":"wss://api.tik.tools?..."}
{"timestamp":1788998162719,"severity":"warning","component":"tiktools","message":"Connection error, retrying","error":"received 4429 (private use) Demo session ended. Grab a free API key at https://tik.tools to continue.; then sent 4429 (private use) Demo session ended. Grab a free API key at https://tik.tools to continue.","delay":16.0,"attempt":5}
{"timestamp":1788998163192,"severity":"error","component":"connection_manager","message":"TikTok session failed","code":"STREAM_DISCONNECTED","error_message":"La conexion con TikTok se cerro.","retry_count":1,"target_user":"hisoka9210","raw_error":""}
{"timestamp":1788998167205,"severity":"info","component":"tiktools","message":"Connecting","user":"hisoka9210","url":"wss://api.tik.tools?..."}
{"timestamp":1788998168038,"severity":"warning","component":"tiktools","message":"Connection error, retrying","error":"received 4429 (private use) Demo session ended. Grab a free API key at https://tik.tools to continue.; then sent 4429 (private use) Demo session ended. Grab a free API key at https://tik.tools to continue.","delay":1.0,"attempt":1}
{"timestamp":1788998169059,"severity":"info","component":"tiktools","message":"Connecting","user":"hisoka9210","url":"wss://api.tik.tools?..."}
{"timestamp":1788998169910,"severity":"warning","component":"tiktools","message":"Connection error, retrying","error":"received 4429 (private use) Demo session ended. Grab a free API key at https://tik.tools to continue.; then sent 4429 (private use) Demo session ended. Grab a free API key at https://tik.tools to continue.","delay":2.0,"attempt":2}
{"timestamp":1788998171915,"severity":"info","component":"tiktools","message":"Connecting","user":"hisoka9210","url":"wss://api.tik.tools?..."}
{"timestamp":1788998172837,"severity":"warning","component":"tiktools","message":"Connection error, retrying","error":"received 4429 (private use) Demo session ended. Grab a free API key at https://tik.tools to continue.; then sent 4429 (private use) Demo session ended. Grab a free API key at https://tik.tools to continue.","delay":4.0,"attempt":3}
{"timestamp":1788998176856,"severity":"info","component":"tiktools","message":"Connecting","user":"hisoka9210","url":"wss://api.tik.tools?..."}
{"timestamp":1788998177724,"severity":"warning","component":"tiktools","message":"Connection error, retrying","error":"received 4429 (private use) Demo session ended. Grab a free API key at https://tik.tools to continue.; then sent 4429 (private use) Demo session ended. Grab a free API key at https://tik.tools to continue.","delay":8.0,"attempt":4}
{"timestamp":1788998185747,"severity":"info","component":"tiktools","message":"Connecting","user":"hisoka9210","url":"wss://api.tik.tools?..."}
{"timestamp":1788998186642,"severity":"warning","component":"tiktools","message":"Connection error, retrying","error":"received 4429 (private use) Demo session ended. Grab a free API key at https://tik.tools to continue.; then sent 4429 (private use) Demo session ended. Grab a free API key at https://tik.tools to continue.","delay":16.0,"attempt":5}
{"timestamp":1788998187210,"severity":"error","component":"connection_manager","message":"TikTok session failed","code":"STREAM_DISCONNECTED","error_message":"La conexion con TikTok se cerro.","retry_count":2,"target_user":"hisoka9210","raw_error":""}
{"timestamp":1788998195239,"severity":"info","component":"tiktools","message":"Connecting","user":"hisoka9210","url":"wss://api.tik.tools?..."}
{"timestamp":1788998196159,"severity":"warning","component":"tiktools","message":"Connection error, retrying","error":"received 4429 (private use) Demo session ended. Grab a free API key at https://tik.tools to continue.; then sent 4429 (private use) Demo session ended. Grab a free API key at https://tik.tools to continue.","delay":1.0,"attempt":1}
{"timestamp":1788998197187,"severity":"info","component":"tiktools","message":"Connecting","user":"hisoka9210","url":"wss://api.tik.tools?..."}
{"timestamp":1788998198086,"severity":"warning","component":"tiktools","message":"Connection error, retrying","error":"received 4429 (private use) Demo session ended. Grab a free API key at https://tik.tools to continue.; then sent 4429 (private use) Demo session ended. Grab a free API key at https://tik.tools to continue.","delay":2.0,"attempt":2}
{"timestamp":1788998200106,"severity":"info","component":"tiktools","message":"Connecting","user":"hisoka9210","url":"wss://api.tik.tools?..."}
{"timestamp":1788998200997,"severity":"warning","component":"tiktools","message":"Connection error, retrying","error":"received 4429 (private use) Demo session ended. Grab a free API key at https://tik.tools to continue.; then sent 4429 (private use) Demo session ended. Grab a free API key at https://tik.tools to continue.","delay":4.0,"attempt":3}
{"timestamp":1788998205029,"severity":"info","component":"tiktools","message":"Connecting","user":"hisoka9210","url":"wss://api.tik.tools?..."}
{"timestamp":1788998205912,"severity":"warning","component":"tiktools","message":"Connection error, retrying","error":"received 4429 (private use) Demo session ended. Grab a free API key at https://tik.tools to continue.; then sent 4429 (private use) Demo session ended. Grab a free API key at https://tik.tools to continue.","delay":8.0,"attempt":4}
{"timestamp":1788998213928,"severity":"info","component":"tiktools","message":"Connecting","user":"hisoka9210","url":"wss://api.tik.tools?..."}
{"timestamp":1788998214755,"severity":"warning","component":"tiktools","message":"Connection error, retrying","error":"received 4429 (private use) Demo session ended. Grab a free API key at https://tik.tools to continue.; then sent 4429 (private use) Demo session ended. Grab a free API key at https://tik.tools to continue.","delay":16.0,"attempt":5}
{"timestamp":1788998215242,"severity":"error","component":"connection_manager","message":"TikTok session failed","code":"STREAM_DISCONNECTED","error_message":"La conexion con TikTok se cerro.","retry_count":3,"target_user":"hisoka9210","raw_error":""}
{"timestamp":1788998231254,"severity":"info","component":"tiktools","message":"Connecting","user":"hisoka9210","url":"wss://api.tik.tools?..."}
{"timestamp":1788998232115,"severity":"warning","component":"tiktools","message":"Connection error, retrying","error":"received 4429 (private use) Demo session ended. Grab a free API key at https://tik.tools to continue.; then sent 4429 (private use) Demo session ended. Grab a free API key at https://tik.tools to continue.","delay":1.0,"attempt":1}
{"timestamp":1788998233137,"severity":"info","component":"tiktools","message":"Connecting","user":"hisoka9210","url":"wss://api.tik.tools?..."}
{"timestamp":1788998234029,"severity":"warning","component":"tiktools","message":"Connection error, retrying","error":"received 4429 (private use) Demo session ended. Grab a free API key at https://tik.tools to continue.; then sent 4429 (private use) Demo session ended. Grab a free API key at https://tik.tools to continue.","delay":2.0,"attempt":2}
{"timestamp":1788998236047,"severity":"info","component":"tiktools","message":"Connecting","user":"hisoka9210","url":"wss://api.tik.tools?..."}
{"timestamp":1788998236923,"severity":"warning","component":"tiktools","message":"Connection error, retrying","error":"received 4429 (private use) Demo session ended. Grab a free API key at https://tik.tools to continue.; then sent 4429 (private use) Demo session ended. Grab a free API key at https://tik.tools to continue.","delay":4.0,"attempt":3}
{"timestamp":1788998240936,"severity":"info","component":"tiktools","message":"Connecting","user":"hisoka9210","url":"wss://api.tik.tools?..."}
{"timestamp":1788998241817,"severity":"warning","component":"tiktools","message":"Connection error, retrying","error":"received 4429 (private use) Demo session ended. Grab a free API key at https://tik.tools to continue.; then sent 4429 (private use) Demo session ended. Grab a free API key at https://tik.tools to continue.","delay":8.0,"attempt":4}
{"timestamp":1788998249833,"severity":"info","component":"tiktools","message":"Connecting","user":"hisoka9210","url":"wss://api.tik.tools?..."}
{"timestamp":1788998250658,"severity":"warning","component":"tiktools","message":"Connection error, retrying","error":"received 4429 (private use) Demo session ended. Grab a free API key at https://tik.tools to continue.; then sent 4429 (private use) Demo session ended. Grab a free API key at https://tik.tools to continue.","delay":16.0,"attempt":5}
{"timestamp":1788998251259,"severity":"error","component":"connection_manager","message":"TikTok session failed","code":"STREAM_DISCONNECTED","error_message":"La conexion con TikTok se cerro.","retry_count":4,"target_user":"hisoka9210","raw_error":""}
{"timestamp":1788998283272,"severity":"info","component":"tiktools","message":"Connecting","user":"hisoka9210","url":"wss://api.tik.tools?..."}
{"timestamp":1788998284171,"severity":"warning","component":"tiktools","message":"Connection error, retrying","error":"received 4429 (private use) Demo session ended. Grab a free API key at https://tik.tools to continue.; then sent 4429 (private use) Demo session ended. Grab a free API key at https://tik.tools to continue.","delay":1.0,"attempt":1}
{"timestamp":1788998285190,"severity":"info","component":"tiktools","message":"Connecting","user":"hisoka9210","url":"wss://api.tik.tools?..."}
{"timestamp":1788998286096,"severity":"warning","component":"tiktools","message":"Connection error, retrying","error":"received 4429 (private use) Demo session ended. Grab a free API key at https://tik.tools to continue.; then sent 4429 (private use) Demo session ended. Grab a free API key at https://tik.tools to continue.","delay":2.0,"attempt":2}
{"timestamp":1788998288110,"severity":"info","component":"tiktools","message":"Connecting","user":"hisoka9210","url":"wss://api.tik.tools?..."}
{"timestamp":1788998289003,"severity":"warning","component":"tiktools","message":"Connection error, retrying","error":"received 4429 (private use) Demo session ended. Grab a free API key at https://tik.tools to continue.; then sent 4429 (private use) Demo session ended. Grab a free API key at https://tik.tools to continue.","delay":4.0,"attempt":3}
{"timestamp":1788998293019,"severity":"info","component":"tiktools","message":"Connecting","user":"hisoka9210","url":"wss://api.tik.tools?..."}
{"timestamp":1788998293945,"severity":"warning","component":"tiktools","message":"Connection error, retrying","error":"received 4429 (private use) Demo session ended. Grab a free API key at https://tik.tools to continue.; then sent 4429 (private use) Demo session ended. Grab a free API key at https://tik.tools to continue.","delay":8.0,"attempt":4}
{"timestamp":1788998301956,"severity":"info","component":"tiktools","message":"Connecting","user":"hisoka9210","url":"wss://api.tik.tools?..."}
{"timestamp":1788998302827,"severity":"warning","component":"tiktools","message":"Connection error, retrying","error":"received 4429 (private use) Demo session ended. Grab a free API key at https://tik.tools to continue.; then sent 4429 (private use) Demo session ended. Grab a free API key at https://tik.tools to continue.","delay":16.0,"attempt":5}
{"timestamp":1788998303275,"severity":"error","component":"connection_manager","message":"TikTok session failed","code":"STREAM_DISCONNECTED","error_message":"La conexion con TikTok se cerro.","retry_count":5,"target_user":"hisoka9210","raw_error":""}
{"timestamp":1788998348295,"severity":"info","component":"tiktools","message":"Connecting","user":"hisoka9210","url":"wss://api.tik.tools?..."}
{"timestamp":1788998349203,"severity":"warning","component":"tiktools","message":"Connection error, retrying","error":"received 4429 (private use) Demo session ended. Grab a free API key at https://tik.tools to continue.; then sent 4429 (private use) Demo session ended. Grab a free API key at https://tik.tools to continue.","delay":1.0,"attempt":1}
{"timestamp":1788998350223,"severity":"info","component":"tiktools","message":"Connecting","user":"hisoka9210","url":"wss://api.tik.tools?..."}
{"timestamp":1788998351050,"severity":"warning","component":"tiktools","message":"Connection error, retrying","error":"received 4429 (private use) Demo session ended. Grab a free API key at https://tik.tools to continue.; then sent 4429 (private use) Demo session ended. Grab a free API key at https://tik.tools to continue.","delay":2.0,"attempt":2}
{"timestamp":1788998353068,"severity":"info","component":"tiktools","message":"Connecting","user":"hisoka9210","url":"wss://api.tik.tools?..."}
{"timestamp":1788998353974,"severity":"warning","component":"tiktools","message":"Connection error, retrying","error":"received 4429 (private use) Demo session ended. Grab a free API key at https://tik.tools to continue.; then sent 4429 (private use) Demo session ended. Grab a free API key at https://tik.tools to continue.","delay":4.0,"attempt":3}
{"timestamp":1788998357976,"severity":"info","component":"tiktools","message":"Connecting","user":"hisoka9210","url":"wss://api.tik.tools?..."}
{"timestamp":1788998358821,"severity":"warning","component":"tiktools","message":"Connection error, retrying","error":"received 4429 (private use) Demo session ended. Grab a free API key at https://tik.tools to continue.; then sent 4429 (private use) Demo session ended. Grab a free API key at https://tik.tools to continue.","delay":8.0,"attempt":4}
{"timestamp":1788998366855,"severity":"info","component":"tiktools","message":"Connecting","user":"hisoka9210","url":"wss://api.tik.tools?..."}
{"timestamp":1788998367689,"severity":"warning","component":"tiktools","message":"Connection error, retrying","error":"received 4429 (private use) Demo session ended. Grab a free API key at https://tik.tools to continue.; then sent 4429 (private use) Demo session ended. Grab a free API key at https://tik.tools to continue.","delay":16.0,"attempt":5}
{"timestamp":1788998368304,"severity":"error","component":"connection_manager","message":"TikTok session failed","code":"STREAM_DISCONNECTED","error_message":"La conexion con TikTok se cerro.","retry_count":6,"target_user":"hisoka9210","raw_error":""}
{"timestamp":1788998413309,"severity":"info","component":"tiktools","message":"Connecting","user":"hisoka9210","url":"wss://api.tik.tools?..."}
{"timestamp":1788998433468,"severity":"error","component":"connection_manager","message":"TikTok session failed","code":"STREAM_DISCONNECTED","error_message":"La conexion con TikTok se cerro.","retry_count":7,"target_user":"hisoka9210","raw_error":""}
{"timestamp":1788998478491,"severity":"info","component":"tiktools","message":"Connecting","user":"hisoka9210","url":"wss://api.tik.tools?..."}
{"timestamp":1788998498672,"severity":"error","component":"connection_manager","message":"TikTok session failed","code":"STREAM_DISCONNECTED","error_message":"La conexion con TikTok se cerro.","retry_count":8,"target_user":"hisoka9210","raw_error":""}
{"timestamp":1788998543686,"severity":"info","component":"tiktools","message":"Connecting","user":"hisoka9210","url":"wss://api.tik.tools?..."}
{"timestamp":1788998563861,"severity":"error","component":"connection_manager","message":"TikTok session failed","code":"STREAM_DISCONNECTED","error_message":"La conexion con TikTok se cerro.","retry_count":9,"target_user":"hisoka9210","raw_error":""}
